core_cm4.h:1467:22:NVIC_EnableIRQ	16	static
core_cm4.h:1550:22:NVIC_SetPriority	16	static
core_cm4.h:1677:26:SysTick_Config	16	static
scu_18xx_43xx.h:135:20:Chip_SCU_PinMuxSet	16	static
uart_18xx_43xx.h:306:20:Chip_UART_TXEnable	16	static
uart_18xx_43xx.h:357:20:Chip_UART_IntEnable	16	static
uart_18xx_43xx.h:410:20:Chip_UART_SetupFIFOS	16	static
uart_18xx_43xx.h:425:20:Chip_UART_ConfigData	16	static
main.c:79:6:interruption_tec_2	4	static
main.c:86:6:interruption_tec_3	4	static
main.c:93:6:interruption_tec_4	4	static
main.c:97:6:SysTick_Handler	8	static
main.c:105:6:uart_init_intact	8	static
main.c:121:6:UART2_IRQHandler	16	static
main.c:130:5:main	8	static
