core_cm4.h:1467:22:NVIC_EnableIRQ	16	static
core_cm4.h:1550:22:NVIC_SetPriority	16	static
core_cm4.h:1677:26:SysTick_Config	16	static
scu_18xx_43xx.h:135:20:Chip_SCU_PinMuxSet	16	static
uart_18xx_43xx.h:306:20:Chip_UART_TXEnable	16	static
uart_18xx_43xx.h:357:20:Chip_UART_IntEnable	16	static
uart_18xx_43xx.h:410:20:Chip_UART_SetupFIFOS	16	static
uart_18xx_43xx.h:425:20:Chip_UART_ConfigData	16	static
stopwatch.h:59:24:StopWatch_Elapsed	16	static
stopwatch.h:126:20:StopWatch_DelayUs	24	static
main.c:101:6:computeAngularVelocity	16	static
main.c:116:6:readInputs	8	static
main.c:125:6:calculate	4	static
main.c:131:6:setOutputs	16	static
main.c:138:6:printDataUART	8	static
main.c:142:6:uart_init_intact	8	static
main.c:159:6:UART2_IRQHandler	16	static
main.c:170:6:SysTick_Handler	8	static
main.c:178:5:main	8	static
