scu_18xx_43xx.h:199:20:Chip_SCU_I2C0PinConfig	16	static
i2cm_18xx_43xx.h:220:20:Chip_I2CM_SendStop	16	static
stopwatch.h:59:24:StopWatch_Elapsed	16	static
stopwatch.h:114:20:StopWatch_DelayMs	24	static
MPU_9250.c:213:10:I2CWrite	32	static
MPU_9250.c:236:9:I2CRead	40	static
MPU_9250.c:258:5:WriteRegister	16	static
MPU_9250.c:269:5:ReadRegisters	32	static
MPU_9250.c:276:5:WriteAK8963Register	16	static
MPU_9250.c:299:5:ReadAK8963Registers	24	static
MPU_9250.c:318:5:WhoAmI	8	static
MPU_9250.c:325:5:WhoAmIAK8963	8	static
MPU_9250.c:333:5:MPU9250Test	16	static
MPU_9250.c:367:6:MPU9250InitI2C	16	static
MPU_9250.c:386:5:MPU9250Begin	8	static
MPU_9250.c:486:5:MPU9250SetAccelRange	16	static
MPU_9250.c:524:5:MPU9250SetGyroRange	16	static
MPU_9250.c:558:5:MPU9250SetDlpfBandwidth	16	static
MPU_9250.c:602:5:MPU9250SetSrd	16	static
MPU_9250.c:640:5:MPU9250EnableDataReadyInterrupt	8	static
MPU_9250.c:649:5:MPU9250DisableDataReadyInterrupt	8	static
MPU_9250.c:655:5:MPU9250EnableWakeOnMotion	24	static
MPU_9250.c:685:5:MPU9250ReadGyroscope	24	static
MPU_9250.c:707:5:MPU9250ReadAccelerometer	24	static
MPU_9250.c:731:5:MPU9250ReadMagnetometer	24	static
MPU_9250.c:753:5:MPU9250ReadTemperature	16	static
MPU_9250.c:767:5:MPU9250ReadSensor	8	static
MPU_9250.c:800:7:MPU9250GetAccelX_mss	4	static
MPU_9250.c:804:7:MPU9250GetAccelY_mss	4	static
MPU_9250.c:808:7:MPU9250GetAccelZ_mss	4	static
MPU_9250.c:812:7:MPU9250GetGyroX_rads	4	static
MPU_9250.c:816:7:MPU9250GetGyroY_rads	4	static
MPU_9250.c:820:7:MPU9250GetGyroZ_rads	4	static
MPU_9250.c:824:7:MPU9250GetMagX_uT	4	static
MPU_9250.c:828:7:MPU9250GetMagY_uT	4	static
MPU_9250.c:832:7:MPU9250GetMagZ_uT	4	static
MPU_9250.c:836:7:MPU9250GetTemperature_C	4	static
MPU_9250.c:840:5:MPU9250CalibrateGyro	24	static
MPU_9250.c:874:7:MPU9250GetGyroBiasX_rads	4	static
MPU_9250.c:878:7:MPU9250GetGyroBiasY_rads	4	static
MPU_9250.c:882:7:MPU9250GetGyroBiasZ_rads	4	static
MPU_9250.c:886:6:MPU9250SetGyroBiasX_rads	16	static
MPU_9250.c:890:6:MPU9250SetGyroBiasY_rads	16	static
MPU_9250.c:894:6:MPU9250SetGyroBiasZ_rads	16	static
MPU_9250.c:898:5:MPU9250CalibrateAccel	24	static
MPU_9250.c:955:7:MPU9250GetAccelBiasX_mss	4	static
MPU_9250.c:959:7:MPU9250GetAccelScaleFactorX	4	static
MPU_9250.c:963:7:MPU9250GetAccelBiasY_mss	4	static
MPU_9250.c:967:7:MPU9250GetAccelScaleFactorY	4	static
MPU_9250.c:971:7:MPU9250GetAccelBiasZ_mss	4	static
MPU_9250.c:975:7:MPU9250GetAccelScaleFactorZ	4	static
MPU_9250.c:979:6:MPU9250SetAccelCalX	16	static
MPU_9250.c:984:6:MPU9250SetAccelCalY	16	static
MPU_9250.c:989:6:MPU9250SetAccelCalZ	16	static
MPU_9250.c:994:5:MPU9250CalibrateMag	16	static
MPU_9250.c:1084:7:MPU9250GetMagBiasX_uT	4	static
MPU_9250.c:1088:7:MPU9250GetMagScaleFactorX	4	static
MPU_9250.c:1092:7:MPU9250GetMagBiasY_uT	4	static
MPU_9250.c:1096:7:MPU9250GetMagScaleFactorY	4	static
MPU_9250.c:1100:7:MPU9250GetMagBiasZ_uT	4	static
MPU_9250.c:1104:7:MPU9250GetMagScaleFactorZ	4	static
MPU_9250.c:1108:6:MPU9250SetMagCalX	16	static
MPU_9250.c:1113:6:MPU9250SetMagCalY	16	static
MPU_9250.c:1118:6:MPU9250SetMagCalZ	16	static
MPU_9250.c:1123:5:MPU9250EnableFifo	24	static
MPU_9250.c:1136:5:MPU9250ReadFifo	16	static
MPU_9250.c:1188:6:MPU9250GetFifoAccelX_mss	24	static
MPU_9250.c:1195:6:MPU9250GetFifoAccelY_mss	24	static
MPU_9250.c:1201:6:MPU9250GetFifoAccelZ_mss	24	static
MPU_9250.c:1207:6:MPU9250GetFifoGyroX_rads	24	static
MPU_9250.c:1213:6:MPU9250GetFifoGyroY_rads	24	static
MPU_9250.c:1219:6:MPU9250GetFifoGyroZ_rads	24	static
MPU_9250.c:1225:6:MPU9250GetFifoMagX_uT	24	static
MPU_9250.c:1231:6:MPU9250GetFifoMagY_uT	24	static
MPU_9250.c:1237:6:MPU9250GetFifoMagZ_uT	24	static
MPU_9250.c:1243:6:MPU9250GetFifoTemperature_C	24	static
