nrf24l01.c:66:16:Nrf24SpiReadByte	24	static
nrf24l01.c:72:16:Nrf24SpiReadWriteByte	24	static
nrf24l01.c:78:13:Nrf24SpiWriteMultiByte	24	static
nrf24l01.c:82:13:Nrf24CeLow	16	static
nrf24l01.c:92:13:Nrf24CeHigh	16	static
nrf24l01.c:101:13:Nrf24CsLow	16	static
nrf24l01.c:106:13:Nrf24CsHigh	16	static
nrf24l01.c:115:9:Nrf24Init	24	static
nrf24l01.c:144:8:Nrf24SendData	32	static
nrf24l01.c:153:8:Nrf24SendDataTo	32	static
nrf24l01.c:163:8:Nrf24WaitForDataRx	24	static
nrf24l01.c:176:9:Nrf24GetRxDataAmount	24	static
nrf24l01.c:197:8:Nrf24GetData	32	static
nrf24l01.c:252:6:Nrf24RegisterInit	32	static
nrf24l01.c:291:6:Nrf24PowerDown	24	static
nrf24l01.c:302:6:Nrf24PowerUp	24	static
nrf24l01.c:310:6:Nrf24SetARD	24	static
nrf24l01.c:332:9:Nrf24GetStatus	16	static
nrf24l01.c:337:6:Nrf24EnableFeatureDynPL	24	static
nrf24l01.c:373:6:Nrf24EnableFeatureAckPL	24	static
nrf24l01.c:396:9:Nrf24GetInterruptStatus	24	static
nrf24l01.c:405:6:Nrf24ClearInterruptFlag	24	static
nrf24l01.c:427:6:Nrf24FlushTX	16	static
nrf24l01.c:431:6:Nrf24SetTXAddress	16	static
nrf24l01.c:435:8:Nrf24SetTxPayload	32	static
nrf24l01.c:453:8:Nrf24SubmitData	32	static
nrf24l01.c:470:6:Nrf24EnableTxMode	24	static
nrf24l01.c:489:6:Nrf24DisableTxMode	16	static
nrf24l01.c:497:9:Nrf24IsTxFifoFull	24	static
nrf24l01.c:505:8:Nrf24IsTxFifoEmpty	24	static
nrf24l01.c:513:8:Nrf24AttemptTx	24	static
nrf24l01.c:527:8:Nrf24WaitForTxComplete	24	static
nrf24l01.c:550:9:Nrf24GetAckDataAmount	24	static
nrf24l01.c:560:6:Nrf24FlushRX	16	static
nrf24l01.c:564:6:Nrf24SetRxAddress	24	static
nrf24l01.c:585:6:Nrf24SetRXPacketSize	16	static
nrf24l01.c:591:6:Nrf24EnableRxMode	24	static
nrf24l01.c:607:6:Nrf24DisableRxMode	16	static
nrf24l01.c:611:8:Nrf24IsDataReadyRx	24	static
nrf24l01.c:636:6:Nrf24ReadRxPayload	24	static
nrf24l01.c:640:8:Nrf24SetAckPayload	32	static
nrf24l01.c:663:9:Nrf24RegisterRead8	32	static
nrf24l01.c:678:9:Nrf24RegisterReadMulti	40	static
nrf24l01.c:694:6:Nrf24RegisterWrite8	32	static
nrf24l01.c:711:6:Nrf24RegisterWriteMulti	32	static
nrf24l01.c:720:6:Nrf24SendCommand	48	dynamic
nrf24l01.c:731:6:Nrf24SendRcvCommand	40	static
nrf24l01.c:749:6:Nrf24PrimaryDevISRConfig	16	static
nrf24l01.c:759:6:Nrf24SecondaryDevISRConfig	16	static
nrf24l01.c:768:6:Nrf24PrimaryDevISR	8	static
nrf24l01.c:772:6:Nrf24SecondaryDevISR	8	static
nrf24l01.c:776:6:Nrf24SelectISR	16	static
nrf24l01.c:792:6:Nrf24TransmitDataISR	24	static
nrf24l01.c:818:6:Nrf24TransmitDataACKPayISR	24	static
nrf24l01.c:867:6:Nrf24ReceiveDataISR	24	static
nrf24l01.c:889:6:Nrf24ReceiveDataACKPayISR	32	static
nrf24l01.c:919:6:Nrf24TxTick	16	static
