scu_18xx_43xx.h:199:20:Chip_SCU_I2C0PinConfig	16	static
stopwatch.h:59:24:StopWatch_Elapsed	16	static
stopwatch.h:114:20:StopWatch_DelayMs	24	static
sapi_imu_mpu9250.c:41:13:mpu9250InitializeControlStructure	4	static
sapi_imu_mpu9250.c:66:15:mpu9250WriteRegister	40	static
sapi_imu_mpu9250.c:95:15:mpu9250ReadRegisters	32	static
sapi_imu_mpu9250.c:114:15:mpu9250WriteAK8963Register	16	static
sapi_imu_mpu9250.c:144:15:mpu9250WhoAmI	8	static
sapi_imu_mpu9250.c:155:15:mpu9250WhoAmIAK8963	8	static
sapi_imu_mpu9250.c:165:15:mpu9250ReadAK8963Registers	16	static
sapi_imu_mpu9250.c:185:15:mpu9250CalibrateGyro	24	static
sapi_imu_mpu9250.c:226:15:mpu9250SetGyroRange	16	static
sapi_imu_mpu9250.c:270:15:mpu9250SetDlpfBandwidth	16	static
sapi_imu_mpu9250.c:344:15:mpu9250SetSrd	16	static
sapi_imu_mpu9250.c:390:5:mpu9250Init	16	static
sapi_imu_mpu9250.c:523:5:mpu9250Read	8	static
sapi_imu_mpu9250.c:555:7:mpu9250GetAccelX_mss	4	static
sapi_imu_mpu9250.c:561:7:mpu9250GetAccelY_mss	4	static
sapi_imu_mpu9250.c:567:7:mpu9250GetAccelZ_mss	4	static
sapi_imu_mpu9250.c:573:7:mpu9250GetGyroX_rads	4	static
sapi_imu_mpu9250.c:579:7:mpu9250GetGyroY_rads	4	static
sapi_imu_mpu9250.c:585:7:mpu9250GetGyroZ_rads	4	static
sapi_imu_mpu9250.c:591:7:mpu9250GetMagX_uT	4	static
sapi_imu_mpu9250.c:597:7:mpu9250GetMagY_uT	4	static
sapi_imu_mpu9250.c:603:7:mpu9250GetMagZ_uT	4	static
sapi_imu_mpu9250.c:609:7:mpu9250GetTemperature_C	4	static
sapi_imu_mpu9250.c:615:6:mpu9250GetDataBuffer	24	static
sapi_imu_mpu9250.c:619:9:mpu9250DataReady	8	static
