scu_18xx_43xx.h:135:20:Chip_SCU_PinMuxSet	16	static
scu_18xx_43xx.h:150:20:Chip_SCU_PinMux	24	static
uart_18xx_43xx.h:306:20:Chip_UART_TXEnable	16	static
uart_18xx_43xx.h:329:20:Chip_UART_SendByte	16	static
uart_18xx_43xx.h:342:23:Chip_UART_ReadByte	16	static
uart_18xx_43xx.h:357:20:Chip_UART_IntEnable	16	static
uart_18xx_43xx.h:410:20:Chip_UART_SetupFIFOS	16	static
uart_18xx_43xx.h:425:20:Chip_UART_ConfigData	16	static
uart_18xx_43xx.h:512:24:Chip_UART_ReadLineStatus	16	static
uart_18xx_43xx.h:584:20:Chip_UART_SetRS485Flags	16	static
UART.c:104:10:Init_Uart_Ftdi	16	static
UART.c:122:10:Init_Uart_Ftdi_IntAct	16	static
UART.c:143:10:Init_Uart_Rs485	8	static
UART.c:176:10:Init_Uart_Rs232	8	static
UART.c:195:10:ReadStatus_Uart_Rs232	8	static
UART.c:199:10:ReadStatus_Uart_Ftdi	8	static
UART.c:203:10:ReadRxReady_Uart_Ftdi	8	static
UART.c:207:10:ReadRxReady_Uart_Rs232	8	static
UART.c:211:9:ReadByte_Uart_Ftdi	16	static
UART.c:220:9:ReadByte_Uart_Rs232	16	static
UART.c:229:6:SendString_Uart_Ftdi	16	static
UART.c:239:6:Send_Byte_UART	16	static
UART.c:243:6:SendByte_Uart_Rs232	16	static
UART.c:252:6:SendString_Uart_Rs232	16	static
UART.c:262:6:IntToString	32	static
UART.c:313:6:Send_String_UART	16	static
UART.c:318:6:SendStringRs485	16	static
UART.c:328:7:itoa	40	static
